[36m[2026-09-01 23:11:32] 计时器启动[0m
[32m[2026-09-01 23:11:32] loading file: data_r1/grape/3.xlsx[0m
[36m[2026-09-01 23:11:32] 公共列 (14 个)：['Voltage', '80', '15', '60', '50', '10', '5', '30', '100', '20', '1', '40', '3', '0-2'][0m
[32m[2026-09-01 23:11:32] 🧩 构建特征与标签...[0m
[32m[2026-09-01 23:11:32] ⚙️ 训练模型 + 交叉验证...[0m
[32m[2026-09-01 23:11:36] ✅ 模型训练完成，交叉验证平均 RMSE = %.6f 3.892986682294094e-05[0m
[32m[2026-09-01 23:11:36] 💾 模型与结果已保存到 %s predicted_results/grape[0m
[32m[2026-09-01 23:11:36] 📐 训练传统 LinearRegression 基线 + 交叉验证...[0m
[32m[2026-09-01 23:11:37] 📊 RandomForest vs LinearRegression:[0m
[32m[2026-09-01 23:11:37]    RF     -> RMSE=%.6f, MAE=%.6f, R2=%.6f 3.892986682294094e-05 1.937615662222231e-05 0.9974597934353452[0m
[32m[2026-09-01 23:11:37]    Linear -> RMSE=%.6f, MAE=%.6f, R2=%.6f 1.6556042157542443e-05 1.2327476876962463e-05 0.9994997590919475[0m
[32m[2026-09-01 23:11:37]    RF relative RMSE improvement over Linear = %.2f%% -135.1399353329482[0m
[32m[2026-09-01 23:11:37]    RF relative MAE improvement over Linear = %.2f%% -57.178608531259066[0m
[32m[2026-09-01 23:11:38] 🔮 预测所有 DataFrame ...[0m
[32m[2026-09-01 23:11:38] 📏 评估预测性能 ...[0m
[32m[2026-09-01 23:11:38] 📐 使用传统 LinearRegression 对所有 DataFrame 进行预测 ...[0m
[36m[2026-09-01 23:11:40] rmse_mean: 1.1825009194669904e-05
mae_mean: 5.907382933333592e-06
r2_mean: 0.9997626406482215
[0m
[32m[2026-09-01 23:11:40] 🎨 绘制并保存预测曲线 ...[0m
[32m[2026-09-01 23:11:42] 💾 保存实验结果 ...[0m
[36m[2026-09-01 23:11:42] ✅ 全部实验完成，结果保存在：predicted_results/grape/predicted_results[0m
[32m[2026-09-01 23:11:42] loading file: data_r1/cabbage/4.xlsx[0m
[36m[2026-09-01 23:11:42] 公共列 (15 个)：['Voltage', '0-1', '80', '15', '60', '50', '10', '5', '30', '100', '20', '1', '40', '3', '0-2'][0m
[32m[2026-09-01 23:11:42] 🧩 构建特征与标签...[0m
[32m[2026-09-01 23:11:42] ⚙️ 训练模型 + 交叉验证...[0m
[32m[2026-09-01 23:11:44] ✅ 模型训练完成，交叉验证平均 RMSE = %.6f 2.3116744102903196e-05[0m
[32m[2026-09-01 23:11:44] 💾 模型与结果已保存到 %s predicted_results/cabbage[0m
[32m[2026-09-01 23:11:44] 📐 训练传统 LinearRegression 基线 + 交叉验证...[0m
[32m[2026-09-01 23:11:44] 📊 RandomForest vs LinearRegression:[0m
[32m[2026-09-01 23:11:44]    RF     -> RMSE=%.6f, MAE=%.6f, R2=%.6f 2.3116744102903196e-05 1.3207380800000235e-05 0.998679774255608[0m
[32m[2026-09-01 23:11:44]    Linear -> RMSE=%.6f, MAE=%.6f, R2=%.6f 1.0779282932434457e-05 8.284636650455027e-06 0.9996940369214057[0m
[32m[2026-09-01 23:11:44]    RF relative RMSE improvement over Linear = %.2f%% -114.45530512373676[0m
[32m[2026-09-01 23:11:44]    RF relative MAE improvement over Linear = %.2f%% -59.42015754275513[0m
[32m[2026-09-01 23:11:45] 🔮 预测所有 DataFrame ...[0m
[32m[2026-09-01 23:11:45] 📏 评估预测性能 ...[0m
[32m[2026-09-01 23:11:45] 📐 使用传统 LinearRegression 对所有 DataFrame 进行预测 ...[0m
[36m[2026-09-01 23:11:47] rmse_mean: 6.6015669327759994e-06
mae_mean: 3.992285688889128e-06
r2_mean: 0.9998923878773501
[0m
[32m[2026-09-01 23:11:47] 🎨 绘制并保存预测曲线 ...[0m
[32m[2026-09-01 23:11:48] 💾 保存实验结果 ...[0m
[36m[2026-09-01 23:11:48] ✅ 全部实验完成，结果保存在：predicted_results/cabbage/predicted_results[0m
[32m[2026-09-01 23:11:48] loading file: data_r1/strawberry/1.xlsx[0m
[36m[2026-09-01 23:11:48] 公共列 (15 个)：['Voltage', '80', '0-3', '15', '60', '50', '10', '5', '30', '100', '20', '1', '40', '3', '0-2'][0m
[32m[2026-09-01 23:11:48] 🧩 构建特征与标签...[0m
[32m[2026-09-01 23:11:48] ⚙️ 训练模型 + 交叉验证...[0m
[32m[2026-09-01 23:11:52] ✅ 模型训练完成，交叉验证平均 RMSE = %.6f 2.2652444397994436e-05[0m
[32m[2026-09-01 23:11:52] 💾 模型与结果已保存到 %s predicted_results/strawberry[0m
[32m[2026-09-01 23:11:52] 📐 训练传统 LinearRegression 基线 + 交叉验证...[0m
[32m[2026-09-01 23:11:52] 📊 RandomForest vs LinearRegression:[0m
[32m[2026-09-01 23:11:52]    RF     -> RMSE=%.6f, MAE=%.6f, R2=%.6f 2.2652444397994436e-05 1.2904428444444526e-05 0.998911295558794[0m
[32m[2026-09-01 23:11:52]    Linear -> RMSE=%.6f, MAE=%.6f, R2=%.6f 1.0475994626727704e-05 8.456496030334219e-06 0.9997400034734798[0m
[32m[2026-09-01 23:11:52]    RF relative RMSE improvement over Linear = %.2f%% -116.23192074001842[0m
[32m[2026-09-01 23:11:52]    RF relative MAE improvement over Linear = %.2f%% -52.5978182707728[0m
[32m[2026-09-01 23:11:53] 🔮 预测所有 DataFrame ...[0m
[32m[2026-09-01 23:11:53] 📏 评估预测性能 ...[0m
[32m[2026-09-01 23:11:54] 📐 使用传统 LinearRegression 对所有 DataFrame 进行预测 ...[0m
[36m[2026-09-01 23:11:55] rmse_mean: 6.849329089225244e-06
mae_mean: 3.934167703703931e-06
r2_mean: 0.9999005694180507
[0m
[32m[2026-09-01 23:11:55] 🎨 绘制并保存预测曲线 ...[0m
[32m[2026-09-01 23:11:56] 💾 保存实验结果 ...[0m
[36m[2026-09-01 23:11:56] ✅ 全部实验完成，结果保存在：predicted_results/strawberry/predicted_results[0m
[36m[2026-09-01 23:11:56] 耗时: 24.3013 秒[0m
